------------------------------------------------------------
TimeQuest Timing Analyzer Summary
------------------------------------------------------------

Type  : Slow 1200mV 85C Model Setup 'CLOCK_50'
Slack : -5.337
TNS   : -832.636

Type  : Slow 1200mV 85C Model Setup 'drinksMenuFSM:drinksFSM|s_preparing'
Slack : -4.082
TNS   : -4.082

Type  : Slow 1200mV 85C Model Hold 'CLOCK_50'
Slack : 0.389
TNS   : 0.000

Type  : Slow 1200mV 85C Model Hold 'drinksMenuFSM:drinksFSM|s_preparing'
Slack : 3.226
TNS   : 0.000

Type  : Slow 1200mV 85C Model Minimum Pulse Width 'CLOCK_50'
Slack : -3.000
TNS   : -328.105

Type  : Slow 1200mV 85C Model Minimum Pulse Width 'drinksMenuFSM:drinksFSM|s_preparing'
Slack : 0.410
TNS   : 0.000

Type  : Slow 1200mV 0C Model Setup 'CLOCK_50'
Slack : -4.854
TNS   : -738.956

Type  : Slow 1200mV 0C Model Setup 'drinksMenuFSM:drinksFSM|s_preparing'
Slack : -3.694
TNS   : -3.694

Type  : Slow 1200mV 0C Model Hold 'CLOCK_50'
Slack : 0.343
TNS   : 0.000

Type  : Slow 1200mV 0C Model Hold 'drinksMenuFSM:drinksFSM|s_preparing'
Slack : 2.981
TNS   : 0.000

Type  : Slow 1200mV 0C Model Minimum Pulse Width 'CLOCK_50'
Slack : -3.000
TNS   : -328.105

Type  : Slow 1200mV 0C Model Minimum Pulse Width 'drinksMenuFSM:drinksFSM|s_preparing'
Slack : 0.425
TNS   : 0.000

Type  : Fast 1200mV 0C Model Setup 'CLOCK_50'
Slack : -2.101
TNS   : -280.118

Type  : Fast 1200mV 0C Model Setup 'drinksMenuFSM:drinksFSM|s_preparing'
Slack : -1.849
TNS   : -1.849

Type  : Fast 1200mV 0C Model Hold 'CLOCK_50'
Slack : 0.177
TNS   : 0.000

Type  : Fast 1200mV 0C Model Hold 'drinksMenuFSM:drinksFSM|s_preparing'
Slack : 1.916
TNS   : 0.000

Type  : Fast 1200mV 0C Model Minimum Pulse Width 'CLOCK_50'
Slack : -3.000
TNS   : -271.524

Type  : Fast 1200mV 0C Model Minimum Pulse Width 'drinksMenuFSM:drinksFSM|s_preparing'
Slack : 0.449
TNS   : 0.000

------------------------------------------------------------
